Archive member included to satisfy reference by file (symbol)

d:/stmicroelectronics/stm32cubeide_1.12.0/stm32cubeide/plugins/com.st.stm32cube.ide.mcu.externaltools.gnu-tools-for-stm32.10.3-2021.10.win32_1.0.200.202301161003/tools/bin/../lib/gcc/arm-none-eabi/10.3.1/../../../../arm-none-eabi/lib/thumb/v6-m/nofp\libc_nano.a(lib_a-errno.o)
                              ./Core/Src/syscalls.o (__errno)
d:/stmicroelectronics/stm32cubeide_1.12.0/stm32cubeide/plugins/com.st.stm32cube.ide.mcu.externaltools.gnu-tools-for-stm32.10.3-2021.10.win32_1.0.200.202301161003/tools/bin/../lib/gcc/arm-none-eabi/10.3.1/../../../../arm-none-eabi/lib/thumb/v6-m/nofp\libc_nano.a(lib_a-exit.o)
                              d:/stmicroelectronics/stm32cubeide_1.12.0/stm32cubeide/plugins/com.st.stm32cube.ide.mcu.externaltools.gnu-tools-for-stm32.10.3-2021.10.win32_1.0.200.202301161003/tools/bin/../lib/gcc/arm-none-eabi/10.3.1/../../../../arm-none-eabi/lib/thumb/v6-m/nofp/crt0.o (exit)
d:/stmicroelectronics/stm32cubeide_1.12.0/stm32cubeide/plugins/com.st.stm32cube.ide.mcu.externaltools.gnu-tools-for-stm32.10.3-2021.10.win32_1.0.200.202301161003/tools/bin/../lib/gcc/arm-none-eabi/10.3.1/../../../../arm-none-eabi/lib/thumb/v6-m/nofp\libc_nano.a(lib_a-impure.o)
                              d:/stmicroelectronics/stm32cubeide_1.12.0/stm32cubeide/plugins/com.st.stm32cube.ide.mcu.externaltools.gnu-tools-for-stm32.10.3-2021.10.win32_1.0.200.202301161003/tools/bin/../lib/gcc/arm-none-eabi/10.3.1/../../../../arm-none-eabi/lib/thumb/v6-m/nofp\libc_nano.a(lib_a-exit.o) (_global_impure_ptr)
d:/stmicroelectronics/stm32cubeide_1.12.0/stm32cubeide/plugins/com.st.stm32cube.ide.mcu.externaltools.gnu-tools-for-stm32.10.3-2021.10.win32_1.0.200.202301161003/tools/bin/../lib/gcc/arm-none-eabi/10.3.1/../../../../arm-none-eabi/lib/thumb/v6-m/nofp\libc_nano.a(lib_a-init.o)
                              d:/stmicroelectronics/stm32cubeide_1.12.0/stm32cubeide/plugins/com.st.stm32cube.ide.mcu.externaltools.gnu-tools-for-stm32.10.3-2021.10.win32_1.0.200.202301161003/tools/bin/../lib/gcc/arm-none-eabi/10.3.1/../../../../arm-none-eabi/lib/thumb/v6-m/nofp/crt0.o (__libc_init_array)
d:/stmicroelectronics/stm32cubeide_1.12.0/stm32cubeide/plugins/com.st.stm32cube.ide.mcu.externaltools.gnu-tools-for-stm32.10.3-2021.10.win32_1.0.200.202301161003/tools/bin/../lib/gcc/arm-none-eabi/10.3.1/../../../../arm-none-eabi/lib/thumb/v6-m/nofp\libc_nano.a(lib_a-memset.o)
                              d:/stmicroelectronics/stm32cubeide_1.12.0/stm32cubeide/plugins/com.st.stm32cube.ide.mcu.externaltools.gnu-tools-for-stm32.10.3-2021.10.win32_1.0.200.202301161003/tools/bin/../lib/gcc/arm-none-eabi/10.3.1/../../../../arm-none-eabi/lib/thumb/v6-m/nofp/crt0.o (memset)
d:/stmicroelectronics/stm32cubeide_1.12.0/stm32cubeide/plugins/com.st.stm32cube.ide.mcu.externaltools.gnu-tools-for-stm32.10.3-2021.10.win32_1.0.200.202301161003/tools/bin/../lib/gcc/arm-none-eabi/10.3.1/thumb/v6-m/nofp\libgcc.a(_udivsi3.o)
                              ./Core/Src/system_stm32g0xx.o (__aeabi_uidiv)
d:/stmicroelectronics/stm32cubeide_1.12.0/stm32cubeide/plugins/com.st.stm32cube.ide.mcu.externaltools.gnu-tools-for-stm32.10.3-2021.10.win32_1.0.200.202301161003/tools/bin/../lib/gcc/arm-none-eabi/10.3.1/thumb/v6-m/nofp\libgcc.a(_divsi3.o)
                              ./Drivers/STM32G0xx_HAL_Driver/Src/stm32g0xx_hal_uart_ex.o (__aeabi_idiv)
d:/stmicroelectronics/stm32cubeide_1.12.0/stm32cubeide/plugins/com.st.stm32cube.ide.mcu.externaltools.gnu-tools-for-stm32.10.3-2021.10.win32_1.0.200.202301161003/tools/bin/../lib/gcc/arm-none-eabi/10.3.1/thumb/v6-m/nofp\libgcc.a(_dvmd_tls.o)
                              d:/stmicroelectronics/stm32cubeide_1.12.0/stm32cubeide/plugins/com.st.stm32cube.ide.mcu.externaltools.gnu-tools-for-stm32.10.3-2021.10.win32_1.0.200.202301161003/tools/bin/../lib/gcc/arm-none-eabi/10.3.1/thumb/v6-m/nofp\libgcc.a(_udivsi3.o) (__aeabi_idiv0)

Discarded input sections

 .text          0x0000000000000000        0x0 d:/stmicroelectronics/stm32cubeide_1.12.0/stm32cubeide/plugins/com.st.stm32cube.ide.mcu.externaltools.gnu-tools-for-stm32.10.3-2021.10.win32_1.0.200.202301161003/tools/bin/../lib/gcc/arm-none-eabi/10.3.1/thumb/v6-m/nofp/crti.o
 .data          0x0000000000000000        0x0 d:/stmicroelectronics/stm32cubeide_1.12.0/stm32cubeide/plugins/com.st.stm32cube.ide.mcu.externaltools.gnu-tools-for-stm32.10.3-2021.10.win32_1.0.200.202301161003/tools/bin/../lib/gcc/arm-none-eabi/10.3.1/thumb/v6-m/nofp/crti.o
 .bss           0x0000000000000000        0x0 d:/stmicroelectronics/stm32cubeide_1.12.0/stm32cubeide/plugins/com.st.stm32cube.ide.mcu.externaltools.gnu-tools-for-stm32.10.3-2021.10.win32_1.0.200.202301161003/tools/bin/../lib/gcc/arm-none-eabi/10.3.1/thumb/v6-m/nofp/crti.o
[...]
Memory Configuration

Name             Origin             Length             Attributes
RAM              0x0000000020000000 0x0000000000009000 xrw
FLASH            0x0000000008000000 0x0000000000020000 xr
*default*        0x0000000000000000 0xffffffffffffffff

Linker script and memory map

LOAD d:/stmicroelectronics/stm32cubeide_1.12.0/stm32cubeide/plugins/com.st.stm32cube.ide.mcu.externaltools.gnu-tools-for-stm32.10.3-2021.10.win32_1.0.200.202301161003/tools/bin/../lib/gcc/arm-none-eabi/10.3.1/thumb/v6-m/nofp/crti.o
LOAD d:/stmicroelectronics/stm32cubeide_1.12.0/stm32cubeide/plugins/com.st.stm32cube.ide.mcu.externaltools.gnu-tools-for-stm32.10.3-2021.10.win32_1.0.200.202301161003/tools/bin/../lib/gcc/arm-none-eabi/10.3.1/thumb/v6-m/nofp/crtbegin.o
LOAD d:/stmicroelectronics/stm32cubeide_1.12.0/stm32cubeide/plugins/com.st.stm32cube.ide.mcu.externaltools.gnu-tools-for-stm32.10.3-2021.10.win32_1.0.200.202301161003/tools/bin/../lib/gcc/arm-none-eabi/10.3.1/../../../../arm-none-eabi/lib/thumb/v6-m/nofp/crt0.o
LOAD ./Core/Src/gpio.o
LOAD ./Core/Src/lin_usart1.o
LOAD ./Core/Src/main.o
LOAD ./Core/Src/rs232_usart2.o
LOAD ./Core/Src/rs485_usart3.o
LOAD ./Core/Src/stm32g0xx_hal_msp.o
LOAD ./Core/Src/stm32g0xx_it.o
LOAD ./Core/Src/syscalls.o
LOAD ./Core/Src/sysmem.o
LOAD ./Core/Src/system_stm32g0xx.o
LOAD ./Core/Src/usart.o
LOAD ./Core/Startup/startup_stm32g070rbtx.o
LOAD ./Drivers/STM32G0xx_HAL_Driver/Src/stm32g0xx_hal.o
LOAD ./Drivers/STM32G0xx_HAL_Driver/Src/stm32g0xx_hal_cortex.o
LOAD ./Drivers/STM32G0xx_HAL_Driver/Src/stm32g0xx_hal_dma.o
LOAD ./Drivers/STM32G0xx_HAL_Driver/Src/stm32g0xx_hal_dma_ex.o
LOAD ./Drivers/STM32G0xx_HAL_Driver/Src/stm32g0xx_hal_exti.o
LOAD ./Drivers/STM32G0xx_HAL_Driver/Src/stm32g0xx_hal_flash.o
LOAD ./Drivers/STM32G0xx_HAL_Driver/Src/stm32g0xx_hal_flash_ex.o
LOAD ./Drivers/STM32G0xx_HAL_Driver/Src/stm32g0xx_hal_gpio.o
LOAD ./Drivers/STM32G0xx_HAL_Driver/Src/stm32g0xx_hal_pwr.o
LOAD ./Drivers/STM32G0xx_HAL_Driver/Src/stm32g0xx_hal_pwr_ex.o
LOAD ./Drivers/STM32G0xx_HAL_Driver/Src/stm32g0xx_hal_rcc.o
LOAD ./Drivers/STM32G0xx_HAL_Driver/Src/stm32g0xx_hal_rcc_ex.o
LOAD ./Drivers/STM32G0xx_HAL_Driver/Src/stm32g0xx_hal_tim.o
LOAD ./Drivers/STM32G0xx_HAL_Driver/Src/stm32g0xx_hal_tim_ex.o
LOAD ./Drivers/STM32G0xx_HAL_Driver/Src/stm32g0xx_hal_uart.o
LOAD ./Drivers/STM32G0xx_HAL_Driver/Src/stm32g0xx_hal_uart_ex.o
LOAD ./Drivers/STM32G0xx_HAL_Driver/Src/stm32g0xx_ll_dma.o
LOAD ./Drivers/STM32G0xx_HAL_Driver/Src/stm32g0xx_ll_rcc.o
START GROUP
LOAD d:/stmicroelectronics/stm32cubeide_1.12.0/stm32cubeide/plugins/com.st.stm32cube.ide.mcu.externaltools.gnu-tools-for-stm32.10.3-2021.10.win32_1.0.200.202301161003/tools/bin/../lib/gcc/arm-none-eabi/10.3.1/../../../../arm-none-eabi/lib/thumb/v6-m/nofp\libc_nano.a
LOAD d:/stmicroelectronics/stm32cubeide_1.12.0/stm32cubeide/plugins/com.st.stm32cube.ide.mcu.externaltools.gnu-tools-for-stm32.10.3-2021.10.win32_1.0.200.202301161003/tools/bin/../lib/gcc/arm-none-eabi/10.3.1/../../../../arm-none-eabi/lib/thumb/v6-m/nofp\libm.a
END GROUP
START GROUP
LOAD d:/stmicroelectronics/stm32cubeide_1.12.0/stm32cubeide/plugins/com.st.stm32cube.ide.mcu.externaltools.gnu-tools-for-stm32.10.3-2021.10.win32_1.0.200.202301161003/tools/bin/../lib/gcc/arm-none-eabi/10.3.1/thumb/v6-m/nofp\libgcc.a
LOAD d:/stmicroelectronics/stm32cubeide_1.12.0/stm32cubeide/plugins/com.st.stm32cube.ide.mcu.externaltools.gnu-tools-for-stm32.10.3-2021.10.win32_1.0.200.202301161003/tools/bin/../lib/gcc/arm-none-eabi/10.3.1/../../../../arm-none-eabi/lib/thumb/v6-m/nofp\libc_nano.a
END GROUP
START GROUP
LOAD d:/stmicroelectronics/stm32cubeide_1.12.0/stm32cubeide/plugins/com.st.stm32cube.ide.mcu.externaltools.gnu-tools-for-stm32.10.3-2021.10.win32_1.0.200.202301161003/tools/bin/../lib/gcc/arm-none-eabi/10.3.1/thumb/v6-m/nofp\libgcc.a
LOAD d:/stmicroelectronics/stm32cubeide_1.12.0/stm32cubeide/plugins/com.st.stm32cube.ide.mcu.externaltools.gnu-tools-for-stm32.10.3-2021.10.win32_1.0.200.202301161003/tools/bin/../lib/gcc/arm-none-eabi/10.3.1/../../../../arm-none-eabi/lib/thumb/v6-m/nofp\libc_nano.a
LOAD d:/stmicroelectronics/stm32cubeide_1.12.0/stm32cubeide/plugins/com.st.stm32cube.ide.mcu.externaltools.gnu-tools-for-stm32.10.3-2021.10.win32_1.0.200.202301161003/tools/bin/../lib/gcc/arm-none-eabi/10.3.1/../../../../arm-none-eabi/lib/thumb/v6-m/nofp\libnosys.a
END GROUP
START GROUP
LOAD d:/stmicroelectronics/stm32cubeide_1.12.0/stm32cubeide/plugins/com.st.stm32cube.ide.mcu.externaltools.gnu-tools-for-stm32.10.3-2021.10.win32_1.0.200.202301161003/tools/bin/../lib/gcc/arm-none-eabi/10.3.1/thumb/v6-m/nofp\libgcc.a
LOAD d:/stmicroelectronics/stm32cubeide_1.12.0/stm32cubeide/plugins/com.st.stm32cube.ide.mcu.externaltools.gnu-tools-for-stm32.10.3-2021.10.win32_1.0.200.202301161003/tools/bin/../lib/gcc/arm-none-eabi/10.3.1/../../../../arm-none-eabi/lib/thumb/v6-m/nofp\libc_nano.a
LOAD d:/stmicroelectronics/stm32cubeide_1.12.0/stm32cubeide/plugins/com.st.stm32cube.ide.mcu.externaltools.gnu-tools-for-stm32.10.3-2021.10.win32_1.0.200.202301161003/tools/bin/../lib/gcc/arm-none-eabi/10.3.1/../../../../arm-none-eabi/lib/thumb/v6-m/nofp\libnosys.a
END GROUP
LOAD d:/stmicroelectronics/stm32cubeide_1.12.0/stm32cubeide/plugins/com.st.stm32cube.ide.mcu.externaltools.gnu-tools-for-stm32.10.3-2021.10.win32_1.0.200.202301161003/tools/bin/../lib/gcc/arm-none-eabi/10.3.1/thumb/v6-m/nofp/crtend.o
LOAD d:/stmicroelectronics/stm32cubeide_1.12.0/stm32cubeide/plugins/com.st.stm32cube.ide.mcu.externaltools.gnu-tools-for-stm32.10.3-2021.10.win32_1.0.200.202301161003/tools/bin/../lib/gcc/arm-none-eabi/10.3.1/thumb/v6-m/nofp/crtn.o
                0x0000000020009000                _estack = (ORIGIN (RAM) + LENGTH (RAM))
                0x0000000000000200                _Min_Heap_Size = 0x200
                0x0000000000000400                _Min_Stack_Size = 0x400

.isr_vector     0x0000000008000000       0xb8
                0x0000000008000000                . = ALIGN (0x4)
 *(.isr_vector)
 .isr_vector    0x0000000008000000       0xb8 ./Core/Startup/startup_stm32g070rbtx.o
                0x0000000008000000                g_pfnVectors
                0x00000000080000b8                . = ALIGN (0x4)

.text           0x00000000080000b8     0x41b0
                0x00000000080000b8                . = ALIGN (0x4)
 *(.text)
 .text          0x00000000080000b8       0x48 d:/stmicroelectronics/stm32cubeide_1.12.0/stm32cubeide/plugins/com.st.stm32cube.ide.mcu.externaltools.gnu-tools-for-stm32.10.3-2021.10.win32_1.0.200.202301161003/tools/bin/../lib/gcc/arm-none-eabi/10.3.1/thumb/v6-m/nofp/crtbegin.o
 .text          0x0000000008000100      0x114 d:/stmicroelectronics/stm32cubeide_1.12.0/stm32cubeide/plugins/com.st.stm32cube.ide.mcu.externaltools.gnu-tools-for-stm32.10.3-2021.10.win32_1.0.200.202301161003/tools/bin/../lib/gcc/arm-none-eabi/10.3.1/thumb/v6-m/nofp\libgcc.a(_udivsi3.o)
                0x0000000008000100                __aeabi_uidiv
                0x0000000008000100                __udivsi3
                0x000000000800020c                __aeabi_uidivmod
 .text          0x0000000008000214      0x1d4 d:/stmicroelectronics/stm32cubeide_1.12.0/stm32cubeide/plugins/com.st.stm32cube.ide.mcu.externaltools.gnu-tools-for-stm32.10.3-2021.10.win32_1.0.200.202301161003/tools/bin/../lib/gcc/arm-none-eabi/10.3.1/thumb/v6-m/nofp\libgcc.a(_divsi3.o)
                0x0000000008000214                __divsi3
                0x0000000008000214                __aeabi_idiv
                0x00000000080003e0                __aeabi_idivmod
 .text          0x00000000080003e8        0x4 d:/stmicroelectronics/stm32cubeide_1.12.0/stm32cubeide/plugins/com.st.stm32cube.ide.mcu.externaltools.gnu-tools-for-stm32.10.3-2021.10.win32_1.0.200.202301161003/tools/bin/../lib/gcc/arm-none-eabi/10.3.1/thumb/v6-m/nofp\libgcc.a(_dvmd_tls.o)
                0x00000000080003e8                __aeabi_idiv0
                0x00000000080003e8                __aeabi_ldiv0
 *(.text*)
 .text.MX_GPIO_Init
                0x00000000080003ec       0x44 ./Core/Src/gpio.o
                0x00000000080003ec                MX_GPIO_Init
 .text.LIN_Check_Sum
                0x0000000008000430       0x92 ./Core/Src/lin_usart1.o
                0x0000000008000430                LIN_Check_Sum
 .text.LIN_Check_Sum_En
                0x00000000080004c2       0x92 ./Core/Src/lin_usart1.o
                0x00000000080004c2                LIN_Check_Sum_En
 .text.LIN_Tx_PID_Data
                0x0000000008000554       0x84 ./Core/Src/lin_usart1.o
                0x0000000008000554                LIN_Tx_PID_Data
 .text.LIN_Tx_PID
                0x00000000080005d8       0x40 ./Core/Src/lin_usart1.o
                0x00000000080005d8                LIN_Tx_PID
 .text.Send_Resp_Data
                0x0000000008000618       0x4c ./Core/Src/lin_usart1.o
                0x0000000008000618                Send_Resp_Data
 .text.LIN_Data_Process
                0x0000000008000664      0x164 ./Core/Src/lin_usart1.o
                0x0000000008000664                LIN_Data_Process
 .text.main     0x00000000080007c8       0x34 ./Core/Src/main.o
                0x00000000080007c8                main
 .text.SystemClock_Config
                0x00000000080007fc       0x90 ./Core/Src/main.o
                0x00000000080007fc                SystemClock_Config
 .text.Util_Receive_IT
                0x000000000800088c       0x5c ./Core/Src/main.o
                0x000000000800088c                Util_Receive_IT
 .text.HAL_UART_RxCpltCallback
                0x00000000080008e8       0x4c ./Core/Src/main.o
                0x00000000080008e8                HAL_UART_RxCpltCallback
 .text.HAL_UART_ErrorCallback
                0x0000000008000934       0x50 ./Core/Src/main.o
                0x0000000008000934                HAL_UART_ErrorCallback
 .text.Error_Handler
                0x0000000008000984        0xa ./Core/Src/main.o
                0x0000000008000984                Error_Handler
 *fill*         0x000000000800098e        0x2 
 .text.RS232_Data_Process
                0x0000000008000990       0xe8 ./Core/Src/rs232_usart2.o
                0x0000000008000990                RS232_Data_Process
 .text.HAL_MspInit
                0x0000000008000a78       0x50 ./Core/Src/stm32g0xx_hal_msp.o
                0x0000000008000a78                HAL_MspInit
 .text.NMI_Handler
                0x0000000008000ac8        0x6 ./Core/Src/stm32g0xx_it.o
                0x0000000008000ac8                NMI_Handler
 .text.HardFault_Handler
                0x0000000008000ace        0x6 ./Core/Src/stm32g0xx_it.o
                0x0000000008000ace                HardFault_Handler
 .text.SVC_Handler
                0x0000000008000ad4        0xa ./Core/Src/stm32g0xx_it.o
                0x0000000008000ad4                SVC_Handler
 .text.PendSV_Handler
                0x0000000008000ade        0xa ./Core/Src/stm32g0xx_it.o
                0x0000000008000ade                PendSV_Handler
 .text.SysTick_Handler
                0x0000000008000ae8        0xe ./Core/Src/stm32g0xx_it.o
                0x0000000008000ae8                SysTick_Handler
 *fill*         0x0000000008000af6        0x2 
 .text.USART1_IRQHandler
                0x0000000008000af8       0x18 ./Core/Src/stm32g0xx_it.o
                0x0000000008000af8                USART1_IRQHandler
 .text.USART2_IRQHandler
                0x0000000008000b10       0x18 ./Core/Src/stm32g0xx_it.o
                0x0000000008000b10                USART2_IRQHandler
 .text.SystemInit
                0x0000000008000b28        0xa ./Core/Src/system_stm32g0xx.o
                0x0000000008000b28                SystemInit
 *fill*         0x0000000008000b32        0x2 
 .text.MX_USART1_UART_Init
                0x0000000008000b34       0x9c ./Core/Src/usart.o
                0x0000000008000b34                MX_USART1_UART_Init
 .text.MX_USART2_UART_Init
                0x0000000008000bd0       0x9c ./Core/Src/usart.o
                0x0000000008000bd0                MX_USART2_UART_Init
 .text.HAL_UART_MspInit
                0x0000000008000c6c      0x174 ./Core/Src/usart.o
                0x0000000008000c6c                HAL_UART_MspInit
 .text.Reset_Handler
                0x0000000008000de0       0x50 ./Core/Startup/startup_stm32g070rbtx.o
                0x0000000008000de0                Reset_Handler
 .text.Default_Handler
                0x0000000008000e30        0x2 ./Core/Startup/startup_stm32g070rbtx.o
                0x0000000008000e30                TIM1_CC_IRQHandler
                0x0000000008000e30                TIM6_IRQHandler
                0x0000000008000e30                I2C1_IRQHandler
                0x0000000008000e30                RTC_TAMP_IRQHandler
                0x0000000008000e30                SPI1_IRQHandler
                0x0000000008000e30                USART3_4_IRQHandler
                0x0000000008000e30                EXTI2_3_IRQHandler
                0x0000000008000e30                ADC1_IRQHandler
                0x0000000008000e30                I2C2_IRQHandler
                0x0000000008000e30                TIM17_IRQHandler
                0x0000000008000e30                TIM16_IRQHandler
                0x0000000008000e30                TIM3_IRQHandler
                0x0000000008000e30                EXTI4_15_IRQHandler
                0x0000000008000e30                RCC_IRQHandler
                0x0000000008000e30                DMA1_Channel1_IRQHandler
                0x0000000008000e30                Default_Handler
                0x0000000008000e30                TIM14_IRQHandler
                0x0000000008000e30                TIM7_IRQHandler
                0x0000000008000e30                TIM15_IRQHandler
                0x0000000008000e30                EXTI0_1_IRQHandler
                0x0000000008000e30                SPI2_IRQHandler
                0x0000000008000e30                WWDG_IRQHandler
                0x0000000008000e30                DMA1_Ch4_7_DMAMUX1_OVR_IRQHandler
                0x0000000008000e30                DMA1_Channel2_3_IRQHandler
                0x0000000008000e30                FLASH_IRQHandler
                0x0000000008000e30                TIM1_BRK_UP_TRG_COM_IRQHandler
 *fill*         0x0000000008000e32        0x2 
 .text.HAL_Init
                0x0000000008000e34       0x40 ./Drivers/STM32G0xx_HAL_Driver/Src/stm32g0xx_hal.o
                0x0000000008000e34                HAL_Init
 .text.HAL_InitTick
                0x0000000008000e74       0x94 ./Drivers/STM32G0xx_HAL_Driver/Src/stm32g0xx_hal.o
                0x0000000008000e74                HAL_InitTick
 .text.HAL_IncTick
                0x0000000008000f08       0x24 ./Drivers/STM32G0xx_HAL_Driver/Src/stm32g0xx_hal.o
                0x0000000008000f08                HAL_IncTick
 .text.HAL_GetTick
                0x0000000008000f2c       0x14 ./Drivers/STM32G0xx_HAL_Driver/Src/stm32g0xx_hal.o
                0x0000000008000f2c                HAL_GetTick
 .text.HAL_SYSCFG_StrobeDBattpinsConfig
                0x0000000008000f40       0x2c ./Drivers/STM32G0xx_HAL_Driver/Src/stm32g0xx_hal.o
                0x0000000008000f40                HAL_SYSCFG_StrobeDBattpinsConfig
 .text.__NVIC_EnableIRQ
                0x0000000008000f6c       0x34 ./Drivers/STM32G0xx_HAL_Driver/Src/stm32g0xx_hal_cortex.o
 .text.__NVIC_SetPriority
                0x0000000008000fa0       0xdc ./Drivers/STM32G0xx_HAL_Driver/Src/stm32g0xx_hal_cortex.o
 .text.SysTick_Config
                0x000000000800107c       0x48 ./Drivers/STM32G0xx_HAL_Driver/Src/stm32g0xx_hal_cortex.o
 .text.HAL_NVIC_SetPriority
                0x00000000080010c4       0x2a ./Drivers/STM32G0xx_HAL_Driver/Src/stm32g0xx_hal_cortex.o
                0x00000000080010c4                HAL_NVIC_SetPriority
 .text.HAL_NVIC_EnableIRQ
                0x00000000080010ee       0x20 ./Drivers/STM32G0xx_HAL_Driver/Src/stm32g0xx_hal_cortex.o
                0x00000000080010ee                HAL_NVIC_EnableIRQ
 .text.HAL_SYSTICK_Config
                0x000000000800110e       0x1a ./Drivers/STM32G0xx_HAL_Driver/Src/stm32g0xx_hal_cortex.o
                0x000000000800110e                HAL_SYSTICK_Config
 .text.HAL_DMA_Abort
                0x0000000008001128       0xc4 ./Drivers/STM32G0xx_HAL_Driver/Src/stm32g0xx_hal_dma.o
                0x0000000008001128                HAL_DMA_Abort
 .text.HAL_DMA_Abort_IT
                0x00000000080011ec       0xd4 ./Drivers/STM32G0xx_HAL_Driver/Src/stm32g0xx_hal_dma.o
                0x00000000080011ec                HAL_DMA_Abort_IT
 .text.HAL_GPIO_Init
                0x00000000080012c0      0x2c8 ./Drivers/STM32G0xx_HAL_Driver/Src/stm32g0xx_hal_gpio.o
                0x00000000080012c0                HAL_GPIO_Init
 .text.HAL_PWREx_ControlVoltageScaling
                0x0000000008001588       0x80 ./Drivers/STM32G0xx_HAL_Driver/Src/stm32g0xx_hal_pwr_ex.o
                0x0000000008001588                HAL_PWREx_ControlVoltageScaling
 .text.LL_RCC_GetAPB1Prescaler
                0x0000000008001608       0x18 ./Drivers/STM32G0xx_HAL_Driver/Src/stm32g0xx_hal_rcc.o
 .text.HAL_RCC_OscConfig
                0x0000000008001620      0x620 ./Drivers/STM32G0xx_HAL_Driver/Src/stm32g0xx_hal_rcc.o
                0x0000000008001620                HAL_RCC_OscConfig
 .text.HAL_RCC_ClockConfig
                0x0000000008001c40      0x210 ./Drivers/STM32G0xx_HAL_Driver/Src/stm32g0xx_hal_rcc.o
                0x0000000008001c40                HAL_RCC_ClockConfig
 .text.HAL_RCC_GetSysClockFreq
                0x0000000008001e50      0x104 ./Drivers/STM32G0xx_HAL_Driver/Src/stm32g0xx_hal_rcc.o
                0x0000000008001e50                HAL_RCC_GetSysClockFreq
 .text.HAL_RCC_GetHCLKFreq
                0x0000000008001f54       0x14 ./Drivers/STM32G0xx_HAL_Driver/Src/stm32g0xx_hal_rcc.o
                0x0000000008001f54                HAL_RCC_GetHCLKFreq
 .text.HAL_RCC_GetPCLK1Freq
                0x0000000008001f68       0x2c ./Drivers/STM32G0xx_HAL_Driver/Src/stm32g0xx_hal_rcc.o
                0x0000000008001f68                HAL_RCC_GetPCLK1Freq
 .text.HAL_RCCEx_PeriphCLKConfig
                0x0000000008001f94      0x268 ./Drivers/STM32G0xx_HAL_Driver/Src/stm32g0xx_hal_rcc_ex.o
                0x0000000008001f94                HAL_RCCEx_PeriphCLKConfig
 .text.HAL_UART_Init
                0x00000000080021fc       0xac ./Drivers/STM32G0xx_HAL_Driver/Src/stm32g0xx_hal_uart.o
                0x00000000080021fc                HAL_UART_Init
 .text.HAL_LIN_Init
                0x00000000080022a8       0xf4 ./Drivers/STM32G0xx_HAL_Driver/Src/stm32g0xx_hal_uart.o
                0x00000000080022a8                HAL_LIN_Init
 .text.HAL_UART_Transmit
                0x000000000800239c      0x138 ./Drivers/STM32G0xx_HAL_Driver/Src/stm32g0xx_hal_uart.o
                0x000000000800239c                HAL_UART_Transmit
 .text.HAL_UART_Receive_IT
                0x00000000080024d4       0xae ./Drivers/STM32G0xx_HAL_Driver/Src/stm32g0xx_hal_uart.o
                0x00000000080024d4                HAL_UART_Receive_IT
 *fill*         0x0000000008002582        0x2 
 .text.HAL_UART_IRQHandler
                0x0000000008002584      0x64c ./Drivers/STM32G0xx_HAL_Driver/Src/stm32g0xx_hal_uart.o
                0x0000000008002584                HAL_UART_IRQHandler
 .text.HAL_UART_TxCpltCallback
                0x0000000008002bd0       0x10 ./Drivers/STM32G0xx_HAL_Driver/Src/stm32g0xx_hal_uart.o
                0x0000000008002bd0                HAL_UART_TxCpltCallback
 .text.HAL_UARTEx_RxEventCallback
                0x0000000008002be0       0x16 ./Drivers/STM32G0xx_HAL_Driver/Src/stm32g0xx_hal_uart.o
                0x0000000008002be0                HAL_UARTEx_RxEventCallback
 .text.HAL_LIN_SendBreak
                0x0000000008002bf6       0x50 ./Drivers/STM32G0xx_HAL_Driver/Src/stm32g0xx_hal_uart.o
                0x0000000008002bf6                HAL_LIN_SendBreak
 .text.HAL_UART_GetError
                0x0000000008002c46       0x16 ./Drivers/STM32G0xx_HAL_Driver/Src/stm32g0xx_hal_uart.o
                0x0000000008002c46                HAL_UART_GetError
 .text.UART_SetConfig
                0x0000000008002c5c      0x348 ./Drivers/STM32G0xx_HAL_Driver/Src/stm32g0xx_hal_uart.o
                0x0000000008002c5c                UART_SetConfig
 .text.UART_AdvFeatureConfig
                0x0000000008002fa4      0x168 ./Drivers/STM32G0xx_HAL_Driver/Src/stm32g0xx_hal_uart.o
                0x0000000008002fa4                UART_AdvFeatureConfig
 .text.UART_CheckIdleState
                0x000000000800310c       0x9c ./Drivers/STM32G0xx_HAL_Driver/Src/stm32g0xx_hal_uart.o
                0x000000000800310c                UART_CheckIdleState
 .text.UART_WaitOnFlagUntilTimeout
                0x00000000080031a8      0x190 ./Drivers/STM32G0xx_HAL_Driver/Src/stm32g0xx_hal_uart.o
                0x00000000080031a8                UART_WaitOnFlagUntilTimeout
 .text.UART_Start_Receive_IT
                0x0000000008003338      0x248 ./Drivers/STM32G0xx_HAL_Driver/Src/stm32g0xx_hal_uart.o
                0x0000000008003338                UART_Start_Receive_IT
 .text.UART_EndRxTransfer
                0x0000000008003580       0xcc ./Drivers/STM32G0xx_HAL_Driver/Src/stm32g0xx_hal_uart.o
 .text.UART_DMAAbortOnError
                0x000000000800364c       0x2e ./Drivers/STM32G0xx_HAL_Driver/Src/stm32g0xx_hal_uart.o
 .text.UART_EndTransmit_IT
                0x000000000800367a       0x58 ./Drivers/STM32G0xx_HAL_Driver/Src/stm32g0xx_hal_uart.o
 *fill*         0x00000000080036d2        0x2 
 .text.UART_RxISR_8BIT
                0x00000000080036d4      0x174 ./Drivers/STM32G0xx_HAL_Driver/Src/stm32g0xx_hal_uart.o
 .text.UART_RxISR_16BIT
                0x0000000008003848      0x174 ./Drivers/STM32G0xx_HAL_Driver/Src/stm32g0xx_hal_uart.o
 .text.UART_RxISR_8BIT_FIFOEN
                0x00000000080039bc      0x2ec ./Drivers/STM32G0xx_HAL_Driver/Src/stm32g0xx_hal_uart.o
 .text.UART_RxISR_16BIT_FIFOEN
                0x0000000008003ca8      0x2ec ./Drivers/STM32G0xx_HAL_Driver/Src/stm32g0xx_hal_uart.o
 .text.HAL_UARTEx_WakeupCallback
                0x0000000008003f94       0x10 ./Drivers/STM32G0xx_HAL_Driver/Src/stm32g0xx_hal_uart_ex.o
                0x0000000008003f94                HAL_UARTEx_WakeupCallback
 .text.HAL_UARTEx_RxFifoFullCallback
                0x0000000008003fa4       0x10 ./Drivers/STM32G0xx_HAL_Driver/Src/stm32g0xx_hal_uart_ex.o
                0x0000000008003fa4                HAL_UARTEx_RxFifoFullCallback
 .text.HAL_UARTEx_TxFifoEmptyCallback
                0x0000000008003fb4       0x10 ./Drivers/STM32G0xx_HAL_Driver/Src/stm32g0xx_hal_uart_ex.o
                0x0000000008003fb4                HAL_UARTEx_TxFifoEmptyCallback
 .text.HAL_UARTEx_DisableFifoMode
                0x0000000008003fc4       0x74 ./Drivers/STM32G0xx_HAL_Driver/Src/stm32g0xx_hal_uart_ex.o
                0x0000000008003fc4                HAL_UARTEx_DisableFifoMode
 .text.HAL_UARTEx_SetTxFifoThreshold
                0x0000000008004038       0x7e ./Drivers/STM32G0xx_HAL_Driver/Src/stm32g0xx_hal_uart_ex.o
                0x0000000008004038                HAL_UARTEx_SetTxFifoThreshold
 *fill*         0x00000000080040b6        0x2 
 .text.HAL_UARTEx_SetRxFifoThreshold
                0x00000000080040b8       0x84 ./Drivers/STM32G0xx_HAL_Driver/Src/stm32g0xx_hal_uart_ex.o
                0x00000000080040b8                HAL_UARTEx_SetRxFifoThreshold
 .text.UARTEx_SetNbDataToProcess
                0x000000000800413c       0xbc ./Drivers/STM32G0xx_HAL_Driver/Src/stm32g0xx_hal_uart_ex.o
 .text.__libc_init_array
                0x00000000080041f8       0x48 d:/stmicroelectronics/stm32cubeide_1.12.0/stm32cubeide/plugins/com.st.stm32cube.ide.mcu.externaltools.gnu-tools-for-stm32.10.3-2021.10.win32_1.0.200.202301161003/tools/bin/../lib/gcc/arm-none-eabi/10.3.1/../../../../arm-none-eabi/lib/thumb/v6-m/nofp\libc_nano.a(lib_a-init.o)
                0x00000000080041f8                __libc_init_array
 .text.memset   0x0000000008004240       0x10 d:/stmicroelectronics/stm32cubeide_1.12.0/stm32cubeide/plugins/com.st.stm32cube.ide.mcu.externaltools.gnu-tools-for-stm32.10.3-2021.10.win32_1.0.200.202301161003/tools/bin/../lib/gcc/arm-none-eabi/10.3.1/../../../../arm-none-eabi/lib/thumb/v6-m/nofp\libc_nano.a(lib_a-memset.o)
                0x0000000008004240                memset
 *(.glue_7)
 .glue_7        0x0000000008004250        0x0 linker stubs
 *(.glue_7t)
 .glue_7t       0x0000000008004250        0x0 linker stubs
 *(.eh_frame)
 .eh_frame      0x0000000008004250        0x0 d:/stmicroelectronics/stm32cubeide_1.12.0/stm32cubeide/plugins/com.st.stm32cube.ide.mcu.externaltools.gnu-tools-for-stm32.10.3-2021.10.win32_1.0.200.202301161003/tools/bin/../lib/gcc/arm-none-eabi/10.3.1/thumb/v6-m/nofp/crtbegin.o
 *(.init)
 .init          0x0000000008004250        0x4 d:/stmicroelectronics/stm32cubeide_1.12.0/stm32cubeide/plugins/com.st.stm32cube.ide.mcu.externaltools.gnu-tools-for-stm32.10.3-2021.10.win32_1.0.200.202301161003/tools/bin/../lib/gcc/arm-none-eabi/10.3.1/thumb/v6-m/nofp/crti.o
                0x0000000008004250                _init
 .init          0x0000000008004254        0x8 d:/stmicroelectronics/stm32cubeide_1.12.0/stm32cubeide/plugins/com.st.stm32cube.ide.mcu.externaltools.gnu-tools-for-stm32.10.3-2021.10.win32_1.0.200.202301161003/tools/bin/../lib/gcc/arm-none-eabi/10.3.1/thumb/v6-m/nofp/crtn.o
 *(.fini)
 .fini          0x000000000800425c        0x4 d:/stmicroelectronics/stm32cubeide_1.12.0/stm32cubeide/plugins/com.st.stm32cube.ide.mcu.externaltools.gnu-tools-for-stm32.10.3-2021.10.win32_1.0.200.202301161003/tools/bin/../lib/gcc/arm-none-eabi/10.3.1/thumb/v6-m/nofp/crti.o
                0x000000000800425c                _fini
 .fini          0x0000000008004260        0x8 d:/stmicroelectronics/stm32cubeide_1.12.0/stm32cubeide/plugins/com.st.stm32cube.ide.mcu.externaltools.gnu-tools-for-stm32.10.3-2021.10.win32_1.0.200.202301161003/tools/bin/../lib/gcc/arm-none-eabi/10.3.1/thumb/v6-m/nofp/crtn.o
                0x0000000008004268                . = ALIGN (0x4)
                0x0000000008004268                _etext = .

.vfp11_veneer   0x0000000008004268        0x0
 .vfp11_veneer  0x0000000008004268        0x0 linker stubs

.v4_bx          0x0000000008004268        0x0
 .v4_bx         0x0000000008004268        0x0 linker stubs

.iplt           0x0000000008004268        0x0
 .iplt          0x0000000008004268        0x0 d:/stmicroelectronics/stm32cubeide_1.12.0/stm32cubeide/plugins/com.st.stm32cube.ide.mcu.externaltools.gnu-tools-for-stm32.10.3-2021.10.win32_1.0.200.202301161003/tools/bin/../lib/gcc/arm-none-eabi/10.3.1/thumb/v6-m/nofp/crtbegin.o

.rodata         0x0000000008004268       0x88
                0x0000000008004268                . = ALIGN (0x4)
 *(.rodata)
 *(.rodata*)
 .rodata.AHBPrescTable
                0x0000000008004268       0x40 ./Core/Src/system_stm32g0xx.o
                0x0000000008004268                AHBPrescTable
 .rodata.APBPrescTable
                0x00000000080042a8       0x20 ./Core/Src/system_stm32g0xx.o
                0x00000000080042a8                APBPrescTable
 .rodata.UARTPrescTable
                0x00000000080042c8       0x18 ./Drivers/STM32G0xx_HAL_Driver/Src/stm32g0xx_hal_uart.o
                0x00000000080042c8                UARTPrescTable
 .rodata.numerator.1
                0x00000000080042e0        0x8 ./Drivers/STM32G0xx_HAL_Driver/Src/stm32g0xx_hal_uart_ex.o
 .rodata.denominator.0
                0x00000000080042e8        0x8 ./Drivers/STM32G0xx_HAL_Driver/Src/stm32g0xx_hal_uart_ex.o
                0x00000000080042f0                . = ALIGN (0x4)

.rel.dyn        0x00000000080042f0        0x0
 .rel.iplt      0x00000000080042f0        0x0 d:/stmicroelectronics/stm32cubeide_1.12.0/stm32cubeide/plugins/com.st.stm32cube.ide.mcu.externaltools.gnu-tools-for-stm32.10.3-2021.10.win32_1.0.200.202301161003/tools/bin/../lib/gcc/arm-none-eabi/10.3.1/thumb/v6-m/nofp/crtbegin.o

.ARM.extab      0x00000000080042f0        0x0
                0x00000000080042f0                . = ALIGN (0x4)
 *(.ARM.extab* .gnu.linkonce.armextab.*)
                0x00000000080042f0                . = ALIGN (0x4)

.ARM            0x00000000080042f0        0x0
                0x00000000080042f0                . = ALIGN (0x4)
                0x00000000080042f0                __exidx_start = .
 *(.ARM.exidx*)
                0x00000000080042f0                __exidx_end = .
                0x00000000080042f0                . = ALIGN (0x4)

.preinit_array  0x00000000080042f0        0x0
                0x00000000080042f0                . = ALIGN (0x4)
                0x00000000080042f0                PROVIDE (__preinit_array_start = .)
 *(.preinit_array*)
                0x00000000080042f0                PROVIDE (__preinit_array_end = .)
                0x00000000080042f0                . = ALIGN (0x4)

.init_array     0x00000000080042f0        0x4
                0x00000000080042f0                . = ALIGN (0x4)
                0x00000000080042f0                PROVIDE (__init_array_start = .)
 *(SORT_BY_NAME(.init_array.*))
 *(.init_array*)
 .init_array    0x00000000080042f0        0x4 d:/stmicroelectronics/stm32cubeide_1.12.0/stm32cubeide/plugins/com.st.stm32cube.ide.mcu.externaltools.gnu-tools-for-stm32.10.3-2021.10.win32_1.0.200.202301161003/tools/bin/../lib/gcc/arm-none-eabi/10.3.1/thumb/v6-m/nofp/crtbegin.o
                0x00000000080042f4                PROVIDE (__init_array_end = .)
                0x00000000080042f4                . = ALIGN (0x4)

.fini_array     0x00000000080042f4        0x4
                0x00000000080042f4                . = ALIGN (0x4)
                [!provide]                        PROVIDE (__fini_array_start = .)
 *(SORT_BY_NAME(.fini_array.*))
 *(.fini_array*)
 .fini_array    0x00000000080042f4        0x4 d:/stmicroelectronics/stm32cubeide_1.12.0/stm32cubeide/plugins/com.st.stm32cube.ide.mcu.externaltools.gnu-tools-for-stm32.10.3-2021.10.win32_1.0.200.202301161003/tools/bin/../lib/gcc/arm-none-eabi/10.3.1/thumb/v6-m/nofp/crtbegin.o
                [!provide]                        PROVIDE (__fini_array_end = .)
                0x00000000080042f8                . = ALIGN (0x4)
                0x00000000080042f8                _sidata = LOADADDR (.data)

.data           0x0000000020000000       0x10 load address 0x00000000080042f8
                0x0000000020000000                . = ALIGN (0x4)
                0x0000000020000000                _sdata = .
 *(.data)
 *(.data*)
 .data.SYNC_Frame
                0x0000000020000000        0x1 ./Core/Src/lin_usart1.o
                0x0000000020000000                SYNC_Frame
 *fill*         0x0000000020000001        0x3 
 .data.SystemCoreClock
                0x0000000020000004        0x4 ./Core/Src/system_stm32g0xx.o
                0x0000000020000004                SystemCoreClock
 .data.uwTickPrio
                0x0000000020000008        0x4 ./Drivers/STM32G0xx_HAL_Driver/Src/stm32g0xx_hal.o
                0x0000000020000008                uwTickPrio
 .data.uwTickFreq
                0x000000002000000c        0x1 ./Drivers/STM32G0xx_HAL_Driver/Src/stm32g0xx_hal.o
                0x000000002000000c                uwTickFreq
 *(.RamFunc)
 *(.RamFunc*)
                0x0000000020000010                . = ALIGN (0x4)
 *fill*         0x000000002000000d        0x3 
                0x0000000020000010                _edata = .

.igot.plt       0x0000000020000010        0x0 load address 0x0000000008004308
 .igot.plt      0x0000000020000010        0x0 d:/stmicroelectronics/stm32cubeide_1.12.0/stm32cubeide/plugins/com.st.stm32cube.ide.mcu.externaltools.gnu-tools-for-stm32.10.3-2021.10.win32_1.0.200.202301161003/tools/bin/../lib/gcc/arm-none-eabi/10.3.1/thumb/v6-m/nofp/crtbegin.o
                0x0000000020000010                . = ALIGN (0x4)

.bss            0x0000000020000010      0x168 load address 0x0000000008004308
                0x0000000020000010                _sbss = .
                0x0000000020000010                __bss_start__ = _sbss
 *(.bss)
 .bss           0x0000000020000010       0x1c d:/stmicroelectronics/stm32cubeide_1.12.0/stm32cubeide/plugins/com.st.stm32cube.ide.mcu.externaltools.gnu-tools-for-stm32.10.3-2021.10.win32_1.0.200.202301161003/tools/bin/../lib/gcc/arm-none-eabi/10.3.1/thumb/v6-m/nofp/crtbegin.o
 *(.bss*)
 .bss.pLINRxBuff
                0x000000002000002c        0xb ./Core/Src/lin_usart1.o
                0x000000002000002c                pLINRxBuff
 *fill*         0x0000000020000037        0x1 
 .bss.pLINTxBuff
                0x0000000020000038        0xa ./Core/Src/lin_usart1.o
                0x0000000020000038                pLINTxBuff
 .bss.EXV_Test_Step
                0x0000000020000042        0x2 ./Core/Src/lin_usart1.o
                0x0000000020000042                EXV_Test_Step
 .bss.LIN_Read_Flag
                0x0000000020000044        0x1 ./Core/Src/lin_usart1.o
                0x0000000020000044                LIN_Read_Flag
 *fill*         0x0000000020000045        0x3 
 .bss.pRS232RxBuff
                0x0000000020000048        0x2 ./Core/Src/rs232_usart2.o
                0x0000000020000048                pRS232RxBuff
 *fill*         0x000000002000004a        0x2 
 .bss.huart1    0x000000002000004c       0x94 ./Core/Src/usart.o
                0x000000002000004c                huart1
 .bss.huart2    0x00000000200000e0       0x94 ./Core/Src/usart.o
                0x00000000200000e0                huart2
 .bss.uwTick    0x0000000020000174        0x4 ./Drivers/STM32G0xx_HAL_Driver/Src/stm32g0xx_hal.o
                0x0000000020000174                uwTick
 *(COMMON)
                0x0000000020000178                . = ALIGN (0x4)
                0x0000000020000178                _ebss = .
                0x0000000020000178                __bss_end__ = _ebss

._user_heap_stack
                0x0000000020000178      0x600 load address 0x0000000008004308
                0x0000000020000178                . = ALIGN (0x8)
                [!provide]                        PROVIDE (end = .)
                0x0000000020000178                PROVIDE (_end = .)
                0x0000000020000378                . = (. + _Min_Heap_Size)
 *fill*         0x0000000020000178      0x200 
                0x0000000020000778                . = (. + _Min_Stack_Size)
 *fill*         0x0000000020000378      0x400 
                0x0000000020000778                . = ALIGN (0x8)

/DISCARD/
 libc.a(*)
 libm.a(*)
 libgcc.a(*)

.ARM.attributes
                0x0000000000000000       0x28
 *(.ARM.attributes)
 .ARM.attributes
                0x0000000000000000       0x1e d:/stmicroelectronics/stm32cubeide_1.12.0/stm32cubeide/plugins/com.st.stm32cube.ide.mcu.externaltools.gnu-tools-for-stm32.10.3-2021.10.win32_1.0.200.202301161003/tools/bin/../lib/gcc/arm-none-eabi/10.3.1/thumb/v6-m/nofp/crti.o
 .ARM.attributes
                0x000000000000001e       0x2c d:/stmicroelectronics/stm32cubeide_1.12.0/stm32cubeide/plugins/com.st.stm32cube.ide.mcu.externaltools.gnu-tools-for-stm32.10.3-2021.10.win32_1.0.200.202301161003/tools/bin/../lib/gcc/arm-none-eabi/10.3.1/thumb/v6-m/nofp/crtbegin.o
 .ARM.attributes
                0x000000000000004a       0x2c ./Core/Src/gpio.o
 .ARM.attributes
                0x0000000000000076       0x2c ./Core/Src/lin_usart1.o
 .ARM.attributes
                0x00000000000000a2       0x2c ./Core/Src/main.o
 .ARM.attributes
                0x00000000000000ce       0x2c ./Core/Src/rs232_usart2.o
 .ARM.attributes
                0x00000000000000fa       0x2c ./Core/Src/stm32g0xx_hal_msp.o
 .ARM.attributes
                0x0000000000000126       0x2c ./Core/Src/stm32g0xx_it.o
 .ARM.attributes
                0x0000000000000152       0x2c ./Core/Src/system_stm32g0xx.o
 .ARM.attributes
                0x000000000000017e       0x2c ./Core/Src/usart.o
 .ARM.attributes
                0x00000000000001aa       0x22 ./Core/Startup/startup_stm32g070rbtx.o
 .ARM.attributes
                0x00000000000001cc       0x2c ./Drivers/STM32G0xx_HAL_Driver/Src/stm32g0xx_hal.o
 .ARM.attributes
                0x00000000000001f8       0x2c ./Drivers/STM32G0xx_HAL_Driver/Src/stm32g0xx_hal_cortex.o
 .ARM.attributes
                0x0000000000000224       0x2c ./Drivers/STM32G0xx_HAL_Driver/Src/stm32g0xx_hal_dma.o
 .ARM.attributes
                0x0000000000000250       0x2c ./Drivers/STM32G0xx_HAL_Driver/Src/stm32g0xx_hal_gpio.o
 .ARM.attributes
                0x000000000000027c       0x2c ./Drivers/STM32G0xx_HAL_Driver/Src/stm32g0xx_hal_pwr_ex.o
 .ARM.attributes
                0x00000000000002a8       0x2c ./Drivers/STM32G0xx_HAL_Driver/Src/stm32g0xx_hal_rcc.o
 .ARM.attributes
                0x00000000000002d4       0x2c ./Drivers/STM32G0xx_HAL_Driver/Src/stm32g0xx_hal_rcc_ex.o
 .ARM.attributes
                0x0000000000000300       0x2c ./Drivers/STM32G0xx_HAL_Driver/Src/stm32g0xx_hal_uart.o
 .ARM.attributes
                0x000000000000032c       0x2c ./Drivers/STM32G0xx_HAL_Driver/Src/stm32g0xx_hal_uart_ex.o
 .ARM.attributes
                0x0000000000000358       0x2c d:/stmicroelectronics/stm32cubeide_1.12.0/stm32cubeide/plugins/com.st.stm32cube.ide.mcu.externaltools.gnu-tools-for-stm32.10.3-2021.10.win32_1.0.200.202301161003/tools/bin/../lib/gcc/arm-none-eabi/10.3.1/../../../../arm-none-eabi/lib/thumb/v6-m/nofp\libc_nano.a(lib_a-init.o)
 .ARM.attributes
                0x0000000000000384       0x2c d:/stmicroelectronics/stm32cubeide_1.12.0/stm32cubeide/plugins/com.st.stm32cube.ide.mcu.externaltools.gnu-tools-for-stm32.10.3-2021.10.win32_1.0.200.202301161003/tools/bin/../lib/gcc/arm-none-eabi/10.3.1/../../../../arm-none-eabi/lib/thumb/v6-m/nofp\libc_nano.a(lib_a-memset.o)
 .ARM.attributes
                0x00000000000003b0       0x1e d:/stmicroelectronics/stm32cubeide_1.12.0/stm32cubeide/plugins/com.st.stm32cube.ide.mcu.externaltools.gnu-tools-for-stm32.10.3-2021.10.win32_1.0.200.202301161003/tools/bin/../lib/gcc/arm-none-eabi/10.3.1/thumb/v6-m/nofp\libgcc.a(_udivsi3.o)
 .ARM.attributes
                0x00000000000003ce       0x1e d:/stmicroelectronics/stm32cubeide_1.12.0/stm32cubeide/plugins/com.st.stm32cube.ide.mcu.externaltools.gnu-tools-for-stm32.10.3-2021.10.win32_1.0.200.202301161003/tools/bin/../lib/gcc/arm-none-eabi/10.3.1/thumb/v6-m/nofp\libgcc.a(_divsi3.o)
 .ARM.attributes
                0x00000000000003ec       0x1e d:/stmicroelectronics/stm32cubeide_1.12.0/stm32cubeide/plugins/com.st.stm32cube.ide.mcu.externaltools.gnu-tools-for-stm32.10.3-2021.10.win32_1.0.200.202301161003/tools/bin/../lib/gcc/arm-none-eabi/10.3.1/thumb/v6-m/nofp\libgcc.a(_dvmd_tls.o)
 .ARM.attributes
                0x000000000000040a       0x1e d:/stmicroelectronics/stm32cubeide_1.12.0/stm32cubeide/plugins/com.st.stm32cube.ide.mcu.externaltools.gnu-tools-for-stm32.10.3-2021.10.win32_1.0.200.202301161003/tools/bin/../lib/gcc/arm-none-eabi/10.3.1/thumb/v6-m/nofp/crtn.o
OUTPUT(ProductionLineAutomationDetection.elf elf32-littlearm)
LOAD linker stubs
LOAD d:/stmicroelectronics/stm32cubeide_1.12.0/stm32cubeide/plugins/com.st.stm32cube.ide.mcu.externaltools.gnu-tools-for-stm32.10.3-2021.10.win32_1.0.200.202301161003/tools/bin/../lib/gcc/arm-none-eabi/10.3.1/../../../../arm-none-eabi/lib/thumb/v6-m/nofp\libc.a
LOAD d:/stmicroelectronics/stm32cubeide_1.12.0/stm32cubeide/plugins/com.st.stm32cube.ide.mcu.externaltools.gnu-tools-for-stm32.10.3-2021.10.win32_1.0.200.202301161003/tools/bin/../lib/gcc/arm-none-eabi/10.3.1/../../../../arm-none-eabi/lib/thumb/v6-m/nofp\libm.a
LOAD d:/stmicroelectronics/stm32cubeide_1.12.0/stm32cubeide/plugins/com.st.stm32cube.ide.mcu.externaltools.gnu-tools-for-stm32.10.3-2021.10.win32_1.0.200.202301161003/tools/bin/../lib/gcc/arm-none-eabi/10.3.1/thumb/v6-m/nofp\libgcc.a

.debug_info     0x0000000000000000     0xd48c
 .debug_info    0x0000000000000000      0x296 ./Core/Src/gpio.o
 .debug_info    0x0000000000000296      0xd30 ./Core/Src/lin_usart1.o
 .debug_info    0x0000000000000fc6      0xb6b ./Core/Src/main.o
 .debug_info    0x0000000000001b31      0xa63 ./Core/Src/rs232_usart2.o
 .debug_info    0x0000000000002594      0x2a9 ./Core/Src/stm32g0xx_hal_msp.o
 .debug_info    0x000000000000283d      0x838 ./Core/Src/stm32g0xx_it.o
 .debug_info    0x0000000000003075      0x34d ./Core/Src/system_stm32g0xx.o
 .debug_info    0x00000000000033c2      0xde1 ./Core/Src/usart.o
 .debug_info    0x00000000000041a3       0x22 ./Core/Startup/startup_stm32g070rbtx.o
 .debug_info    0x00000000000041c5      0x942 ./Drivers/STM32G0xx_HAL_Driver/Src/stm32g0xx_hal.o
 .debug_info    0x0000000000004b07      0x8f5 ./Drivers/STM32G0xx_HAL_Driver/Src/stm32g0xx_hal_cortex.o
 .debug_info    0x00000000000053fc      0x8c8 ./Drivers/STM32G0xx_HAL_Driver/Src/stm32g0xx_hal_dma.o
 .debug_info    0x0000000000005cc4      0x5d7 ./Drivers/STM32G0xx_HAL_Driver/Src/stm32g0xx_hal_gpio.o
 .debug_info    0x000000000000629b      0x4e8 ./Drivers/STM32G0xx_HAL_Driver/Src/stm32g0xx_hal_pwr_ex.o
 .debug_info    0x0000000000006783      0xb1c ./Drivers/STM32G0xx_HAL_Driver/Src/stm32g0xx_hal_rcc.o
 .debug_info    0x000000000000729f      0x7dd ./Drivers/STM32G0xx_HAL_Driver/Src/stm32g0xx_hal_rcc_ex.o
 .debug_info    0x0000000000007a7c     0x49de ./Drivers/STM32G0xx_HAL_Driver/Src/stm32g0xx_hal_uart.o
 .debug_info    0x000000000000c45a     0x1032 ./Drivers/STM32G0xx_HAL_Driver/Src/stm32g0xx_hal_uart_ex.o

.debug_abbrev   0x0000000000000000     0x220b
 .debug_abbrev  0x0000000000000000       0xdb ./Core/Src/gpio.o
 .debug_abbrev  0x00000000000000db      0x230 ./Core/Src/lin_usart1.o
 .debug_abbrev  0x000000000000030b      0x24b ./Core/Src/main.o
 .debug_abbrev  0x0000000000000556      0x191 ./Core/Src/rs232_usart2.o
 .debug_abbrev  0x00000000000006e7       0xf7 ./Core/Src/stm32g0xx_hal_msp.o
 .debug_abbrev  0x00000000000007de      0x19a ./Core/Src/stm32g0xx_it.o
 .debug_abbrev  0x0000000000000978      0x116 ./Core/Src/system_stm32g0xx.o
 .debug_abbrev  0x0000000000000a8e      0x21c ./Core/Src/usart.o
 .debug_abbrev  0x0000000000000caa       0x12 ./Core/Startup/startup_stm32g070rbtx.o
 .debug_abbrev  0x0000000000000cbc      0x2a9 ./Drivers/STM32G0xx_HAL_Driver/Src/stm32g0xx_hal.o
 .debug_abbrev  0x0000000000000f65      0x29f ./Drivers/STM32G0xx_HAL_Driver/Src/stm32g0xx_hal_cortex.o
 .debug_abbrev  0x0000000000001204      0x1db ./Drivers/STM32G0xx_HAL_Driver/Src/stm32g0xx_hal_dma.o
 .debug_abbrev  0x00000000000013df      0x1b9 ./Drivers/STM32G0xx_HAL_Driver/Src/stm32g0xx_hal_gpio.o
 .debug_abbrev  0x0000000000001598      0x1d1 ./Drivers/STM32G0xx_HAL_Driver/Src/stm32g0xx_hal_pwr_ex.o
 .debug_abbrev  0x0000000000001769      0x2a3 ./Drivers/STM32G0xx_HAL_Driver/Src/stm32g0xx_hal_rcc.o
 .debug_abbrev  0x0000000000001a0c      0x21a ./Drivers/STM32G0xx_HAL_Driver/Src/stm32g0xx_hal_rcc_ex.o
 .debug_abbrev  0x0000000000001c26      0x310 ./Drivers/STM32G0xx_HAL_Driver/Src/stm32g0xx_hal_uart.o
 .debug_abbrev  0x0000000000001f36      0x2d5 ./Drivers/STM32G0xx_HAL_Driver/Src/stm32g0xx_hal_uart_ex.o

.debug_aranges  0x0000000000000000      0x8f8
 .debug_aranges
                0x0000000000000000       0x20 ./Core/Src/gpio.o
 .debug_aranges
                0x0000000000000020       0x48 ./Core/Src/lin_usart1.o
 .debug_aranges
                0x0000000000000068       0x50 ./Core/Src/main.o
 .debug_aranges
                0x00000000000000b8       0x20 ./Core/Src/rs232_usart2.o
 .debug_aranges
                0x00000000000000d8       0x20 ./Core/Src/stm32g0xx_hal_msp.o
 .debug_aranges
                0x00000000000000f8       0x50 ./Core/Src/stm32g0xx_it.o
 .debug_aranges
                0x0000000000000148       0x28 ./Core/Src/system_stm32g0xx.o
 .debug_aranges
                0x0000000000000170       0x38 ./Core/Src/usart.o
 .debug_aranges
                0x00000000000001a8       0x28 ./Core/Startup/startup_stm32g070rbtx.o
 .debug_aranges
                0x00000000000001d0       0xf8 ./Drivers/STM32G0xx_HAL_Driver/Src/stm32g0xx_hal.o
 .debug_aranges
                0x00000000000002c8       0xd8 ./Drivers/STM32G0xx_HAL_Driver/Src/stm32g0xx_hal_cortex.o
 .debug_aranges
                0x00000000000003a0       0x90 ./Drivers/STM32G0xx_HAL_Driver/Src/stm32g0xx_hal_dma.o
 .debug_aranges
                0x0000000000000430       0x60 ./Drivers/STM32G0xx_HAL_Driver/Src/stm32g0xx_hal_gpio.o
 .debug_aranges
                0x0000000000000490       0x98 ./Drivers/STM32G0xx_HAL_Driver/Src/stm32g0xx_hal_pwr_ex.o
 .debug_aranges
                0x0000000000000528       0xa0 ./Drivers/STM32G0xx_HAL_Driver/Src/stm32g0xx_hal_rcc.o
 .debug_aranges
                0x00000000000005c8       0x40 ./Drivers/STM32G0xx_HAL_Driver/Src/stm32g0xx_hal_rcc_ex.o
 .debug_aranges
                0x0000000000000608      0x248 ./Drivers/STM32G0xx_HAL_Driver/Src/stm32g0xx_hal_uart.o
 .debug_aranges
                0x0000000000000850       0xa8 ./Drivers/STM32G0xx_HAL_Driver/Src/stm32g0xx_hal_uart_ex.o

.debug_ranges   0x0000000000000000      0x810
 .debug_ranges  0x0000000000000000       0x10 ./Core/Src/gpio.o
 .debug_ranges  0x0000000000000010       0x38 ./Core/Src/lin_usart1.o
 .debug_ranges  0x0000000000000048       0x40 ./Core/Src/main.o
 .debug_ranges  0x0000000000000088       0x10 ./Core/Src/rs232_usart2.o
 .debug_ranges  0x0000000000000098       0x10 ./Core/Src/stm32g0xx_hal_msp.o
 .debug_ranges  0x00000000000000a8       0x40 ./Core/Src/stm32g0xx_it.o
 .debug_ranges  0x00000000000000e8       0x18 ./Core/Src/system_stm32g0xx.o
 .debug_ranges  0x0000000000000100       0x28 ./Core/Src/usart.o
 .debug_ranges  0x0000000000000128       0x20 ./Core/Startup/startup_stm32g070rbtx.o
 .debug_ranges  0x0000000000000148       0xe8 ./Drivers/STM32G0xx_HAL_Driver/Src/stm32g0xx_hal.o
 .debug_ranges  0x0000000000000230       0xc8 ./Drivers/STM32G0xx_HAL_Driver/Src/stm32g0xx_hal_cortex.o
 .debug_ranges  0x00000000000002f8       0x80 ./Drivers/STM32G0xx_HAL_Driver/Src/stm32g0xx_hal_dma.o
 .debug_ranges  0x0000000000000378       0x50 ./Drivers/STM32G0xx_HAL_Driver/Src/stm32g0xx_hal_gpio.o
 .debug_ranges  0x00000000000003c8       0x88 ./Drivers/STM32G0xx_HAL_Driver/Src/stm32g0xx_hal_pwr_ex.o
 .debug_ranges  0x0000000000000450       0x90 ./Drivers/STM32G0xx_HAL_Driver/Src/stm32g0xx_hal_rcc.o
 .debug_ranges  0x00000000000004e0       0x30 ./Drivers/STM32G0xx_HAL_Driver/Src/stm32g0xx_hal_rcc_ex.o
 .debug_ranges  0x0000000000000510      0x268 ./Drivers/STM32G0xx_HAL_Driver/Src/stm32g0xx_hal_uart.o
 .debug_ranges  0x0000000000000778       0x98 ./Drivers/STM32G0xx_HAL_Driver/Src/stm32g0xx_hal_uart_ex.o

.debug_macro    0x0000000000000000    0x15ac0
 .debug_macro   0x0000000000000000      0x1df ./Core/Src/gpio.o
 .debug_macro   0x00000000000001df      0xa4e ./Core/Src/gpio.o
 .debug_macro   0x0000000000000c2d      0x117 ./Core/Src/gpio.o
 .debug_macro   0x0000000000000d44       0x2e ./Core/Src/gpio.o
 .debug_macro   0x0000000000000d72       0x28 ./Core/Src/gpio.o
 .debug_macro   0x0000000000000d9a       0x22 ./Core/Src/gpio.o
 .debug_macro   0x0000000000000dbc       0x8e ./Core/Src/gpio.o
 .debug_macro   0x0000000000000e4a       0x51 ./Core/Src/gpio.o
 .debug_macro   0x0000000000000e9b      0x103 ./Core/Src/gpio.o
 .debug_macro   0x0000000000000f9e       0x6a ./Core/Src/gpio.o
 .debug_macro   0x0000000000001008      0x1df ./Core/Src/gpio.o
 .debug_macro   0x00000000000011e7       0x1c ./Core/Src/gpio.o
 .debug_macro   0x0000000000001203       0x22 ./Core/Src/gpio.o
 .debug_macro   0x0000000000001225       0xd1 ./Core/Src/gpio.o
 .debug_macro   0x00000000000012f6      0x4da ./Core/Src/gpio.o
 .debug_macro   0x00000000000017d0      0x11f ./Core/Src/gpio.o
 .debug_macro   0x00000000000018ef     0xa6de ./Core/Src/gpio.o
 .debug_macro   0x000000000000bfcd       0x66 ./Core/Src/gpio.o
 .debug_macro   0x000000000000c033     0x34fd ./Core/Src/gpio.o
 .debug_macro   0x000000000000f530      0x174 ./Core/Src/gpio.o
 .debug_macro   0x000000000000f6a4       0x5c ./Core/Src/gpio.o
 .debug_macro   0x000000000000f700      0x485 ./Core/Src/gpio.o
 .debug_macro   0x000000000000fb85      0xe67 ./Core/Src/gpio.o
 .debug_macro   0x00000000000109ec      0x13e ./Core/Src/gpio.o
 .debug_macro   0x0000000000010b2a      0x1cf ./Core/Src/gpio.o
 .debug_macro   0x0000000000010cf9      0x13e ./Core/Src/gpio.o
 .debug_macro   0x0000000000010e37      0x3a8 ./Core/Src/gpio.o
 .debug_macro   0x00000000000111df      0x280 ./Core/Src/gpio.o
 .debug_macro   0x000000000001145f      0x345 ./Core/Src/gpio.o
 .debug_macro   0x00000000000117a4      0x198 ./Core/Src/gpio.o
 .debug_macro   0x000000000001193c       0x43 ./Core/Src/gpio.o
 .debug_macro   0x000000000001197f      0x1f1 ./Core/Src/gpio.o
 .debug_macro   0x0000000000011b70      0x1d6 ./Core/Src/gpio.o
 .debug_macro   0x0000000000011d46      0x2a3 ./Core/Src/gpio.o
 .debug_macro   0x0000000000011fe9       0x28 ./Core/Src/gpio.o
 .debug_macro   0x0000000000012011       0xcf ./Core/Src/gpio.o
 .debug_macro   0x00000000000120e0      0x118 ./Core/Src/gpio.o
 .debug_macro   0x00000000000121f8      0x10d ./Core/Src/gpio.o
 .debug_macro   0x0000000000012305      0x693 ./Core/Src/gpio.o
 .debug_macro   0x0000000000012998       0xa6 ./Core/Src/gpio.o
 .debug_macro   0x0000000000012a3e      0x43d ./Core/Src/gpio.o
 .debug_macro   0x0000000000012e7b      0x2c5 ./Core/Src/lin_usart1.o
 .debug_macro   0x0000000000013140       0x10 ./Core/Src/lin_usart1.o
 .debug_macro   0x0000000000013150       0x10 ./Core/Src/lin_usart1.o
 .debug_macro   0x0000000000013160       0x52 ./Core/Src/lin_usart1.o
 .debug_macro   0x00000000000131b2       0x18 ./Core/Src/lin_usart1.o
 .debug_macro   0x00000000000131ca       0x3c ./Core/Src/lin_usart1.o
 .debug_macro   0x0000000000013206       0x34 ./Core/Src/lin_usart1.o
 .debug_macro   0x000000000001323a       0x16 ./Core/Src/lin_usart1.o
 .debug_macro   0x0000000000013250       0x43 ./Core/Src/lin_usart1.o
 .debug_macro   0x0000000000013293       0x34 ./Core/Src/lin_usart1.o
 .debug_macro   0x00000000000132c7       0x10 ./Core/Src/lin_usart1.o
 .debug_macro   0x00000000000132d7       0x58 ./Core/Src/lin_usart1.o
 .debug_macro   0x000000000001332f       0x71 ./Core/Src/lin_usart1.o
 .debug_macro   0x00000000000133a0       0x1c ./Core/Src/lin_usart1.o
 .debug_macro   0x00000000000133bc      0x12a ./Core/Src/lin_usart1.o
 .debug_macro   0x00000000000134e6      0x341 ./Core/Src/lin_usart1.o
 .debug_macro   0x0000000000013827       0x10 ./Core/Src/lin_usart1.o
 .debug_macro   0x0000000000013837       0x35 ./Core/Src/lin_usart1.o
 .debug_macro   0x000000000001386c       0x20 ./Core/Src/lin_usart1.o
 .debug_macro   0x000000000001388c      0x364 ./Core/Src/main.o
 .debug_macro   0x0000000000013bf0       0x16 ./Core/Src/main.o
 .debug_macro   0x0000000000013c06       0x10 ./Core/Src/main.o
 .debug_macro   0x0000000000013c16       0x10 ./Core/Src/main.o
 .debug_macro   0x0000000000013c26       0x1c ./Core/Src/main.o
 .debug_macro   0x0000000000013c42       0x52 ./Core/Src/main.o
 .debug_macro   0x0000000000013c94       0x22 ./Core/Src/main.o
 .debug_macro   0x0000000000013cb6       0x10 ./Core/Src/main.o
 .debug_macro   0x0000000000013cc6       0x52 ./Core/Src/main.o
 .debug_macro   0x0000000000013d18       0xd5 ./Core/Src/main.o
 .debug_macro   0x0000000000013ded       0x1c ./Core/Src/main.o
 .debug_macro   0x0000000000013e09       0x3d ./Core/Src/main.o
 .debug_macro   0x0000000000013e46       0x16 ./Core/Src/main.o
 .debug_macro   0x0000000000013e5c      0x145 ./Core/Src/main.o
 .debug_macro   0x0000000000013fa1       0x16 ./Core/Src/main.o
 .debug_macro   0x0000000000013fb7      0x2c6 ./Core/Src/rs232_usart2.o
 .debug_macro   0x000000000001427d      0x1d5 ./Core/Src/stm32g0xx_hal_msp.o
 .debug_macro   0x0000000000014452      0x1df ./Core/Src/stm32g0xx_it.o
 .debug_macro   0x0000000000014631      0x1cb ./Core/Src/system_stm32g0xx.o
 .debug_macro   0x00000000000147fc      0x1df ./Core/Src/usart.o
 .debug_macro   0x00000000000149db      0x1e9 ./Drivers/STM32G0xx_HAL_Driver/Src/stm32g0xx_hal.o
 .debug_macro   0x0000000000014bc4      0x1cb ./Drivers/STM32G0xx_HAL_Driver/Src/stm32g0xx_hal_cortex.o
 .debug_macro   0x0000000000014d8f      0x1cb ./Drivers/STM32G0xx_HAL_Driver/Src/stm32g0xx_hal_dma.o
 .debug_macro   0x0000000000014f5a      0x1d2 ./Drivers/STM32G0xx_HAL_Driver/Src/stm32g0xx_hal_gpio.o
 .debug_macro   0x000000000001512c      0x1dd ./Drivers/STM32G0xx_HAL_Driver/Src/stm32g0xx_hal_pwr_ex.o
 .debug_macro   0x0000000000015309      0x207 ./Drivers/STM32G0xx_HAL_Driver/Src/stm32g0xx_hal_rcc.o
 .debug_macro   0x0000000000015510      0x1e3 ./Drivers/STM32G0xx_HAL_Driver/Src/stm32g0xx_hal_rcc_ex.o
 .debug_macro   0x00000000000156f3      0x1f6 ./Drivers/STM32G0xx_HAL_Driver/Src/stm32g0xx_hal_uart.o
 .debug_macro   0x00000000000158e9      0x1d7 ./Drivers/STM32G0xx_HAL_Driver/Src/stm32g0xx_hal_uart_ex.o

.debug_line     0x0000000000000000     0xdb7f
 .debug_line    0x0000000000000000      0x742 ./Core/Src/gpio.o
 .debug_line    0x0000000000000742      0xb18 ./Core/Src/lin_usart1.o
 .debug_line    0x000000000000125a      0xb37 ./Core/Src/main.o
 .debug_line    0x0000000000001d91      0x9e9 ./Core/Src/rs232_usart2.o
 .debug_line    0x000000000000277a      0x746 ./Core/Src/stm32g0xx_hal_msp.o
 .debug_line    0x0000000000002ec0      0x7da ./Core/Src/stm32g0xx_it.o
 .debug_line    0x000000000000369a      0x7b8 ./Core/Src/system_stm32g0xx.o
 .debug_line    0x0000000000003e52      0x883 ./Core/Src/usart.o
 .debug_line    0x00000000000046d5       0x89 ./Core/Startup/startup_stm32g070rbtx.o
 .debug_line    0x000000000000475e      0xa5b ./Drivers/STM32G0xx_HAL_Driver/Src/stm32g0xx_hal.o
 .debug_line    0x00000000000051b9      0xb6f ./Drivers/STM32G0xx_HAL_Driver/Src/stm32g0xx_hal_cortex.o
 .debug_line    0x0000000000005d28      0xd8f ./Drivers/STM32G0xx_HAL_Driver/Src/stm32g0xx_hal_dma.o
 .debug_line    0x0000000000006ab7      0xb5b ./Drivers/STM32G0xx_HAL_Driver/Src/stm32g0xx_hal_gpio.o
 .debug_line    0x0000000000007612      0x98b ./Drivers/STM32G0xx_HAL_Driver/Src/stm32g0xx_hal_pwr_ex.o
 .debug_line    0x0000000000007f9d      0xf03 ./Drivers/STM32G0xx_HAL_Driver/Src/stm32g0xx_hal_rcc.o
 .debug_line    0x0000000000008ea0      0xb27 ./Drivers/STM32G0xx_HAL_Driver/Src/stm32g0xx_hal_rcc_ex.o
 .debug_line    0x00000000000099c7     0x33cb ./Drivers/STM32G0xx_HAL_Driver/Src/stm32g0xx_hal_uart.o
 .debug_line    0x000000000000cd92      0xded ./Drivers/STM32G0xx_HAL_Driver/Src/stm32g0xx_hal_uart_ex.o

.debug_str      0x0000000000000000    0x84464
 .debug_str     0x0000000000000000    0x7d3e4 ./Core/Src/gpio.o
                                      0x7d8cf (size before relaxing)
 .debug_str     0x000000000007d3e4     0x3ab5 ./Core/Src/lin_usart1.o
                                      0x8131d (size before relaxing)
 .debug_str     0x0000000000080e99     0x1226 ./Core/Src/main.o
                                      0x81dda (size before relaxing)
 .debug_str     0x00000000000820bf       0x73 ./Core/Src/rs232_usart2.o
                                      0x810a1 (size before relaxing)
 .debug_str     0x0000000000082132       0x4d ./Core/Src/stm32g0xx_hal_msp.o
                                      0x7d8f0 (size before relaxing)
 .debug_str     0x000000000008217f       0xba ./Core/Src/stm32g0xx_it.o
                                      0x7dde0 (size before relaxing)
 .debug_str     0x0000000000082239       0x8e ./Core/Src/system_stm32g0xx.o
                                      0x7d920 (size before relaxing)
 .debug_str     0x00000000000822c7      0x3e7 ./Core/Src/usart.o
                                      0x7e258 (size before relaxing)
 .debug_str     0x00000000000826ae       0x36 ./Core/Startup/startup_stm32g070rbtx.o
                                         0x7e (size before relaxing)
 .debug_str     0x00000000000826e4      0x447 ./Drivers/STM32G0xx_HAL_Driver/Src/stm32g0xx_hal.o
                                      0x7dfc2 (size before relaxing)
 .debug_str     0x0000000000082b2b      0x25f ./Drivers/STM32G0xx_HAL_Driver/Src/stm32g0xx_hal_cortex.o
                                      0x7dd67 (size before relaxing)
 .debug_str     0x0000000000082d8a      0x2bf ./Drivers/STM32G0xx_HAL_Driver/Src/stm32g0xx_hal_dma.o
                                      0x7ddba (size before relaxing)
 .debug_str     0x0000000000083049      0x179 ./Drivers/STM32G0xx_HAL_Driver/Src/stm32g0xx_hal_gpio.o
                                      0x7da55 (size before relaxing)
 .debug_str     0x00000000000831c2      0x221 ./Drivers/STM32G0xx_HAL_Driver/Src/stm32g0xx_hal_pwr_ex.o
                                      0x7db74 (size before relaxing)
 .debug_str     0x00000000000833e3      0x357 ./Drivers/STM32G0xx_HAL_Driver/Src/stm32g0xx_hal_rcc.o
                                      0x7df11 (size before relaxing)
 .debug_str     0x000000000008373a      0x185 ./Drivers/STM32G0xx_HAL_Driver/Src/stm32g0xx_hal_rcc_ex.o
                                      0x7dc71 (size before relaxing)
 .debug_str     0x00000000000838bf      0x931 ./Drivers/STM32G0xx_HAL_Driver/Src/stm32g0xx_hal_uart.o
                                      0x7e8eb (size before relaxing)
 .debug_str     0x00000000000841f0      0x274 ./Drivers/STM32G0xx_HAL_Driver/Src/stm32g0xx_hal_uart_ex.o
                                      0x7e1aa (size before relaxing)

.comment        0x0000000000000000       0x50
 .comment       0x0000000000000000       0x50 ./Core/Src/gpio.o
                                         0x51 (size before relaxing)
 .comment       0x0000000000000050       0x51 ./Core/Src/lin_usart1.o
 .comment       0x0000000000000050       0x51 ./Core/Src/main.o
 .comment       0x0000000000000050       0x51 ./Core/Src/rs232_usart2.o
 .comment       0x0000000000000050       0x51 ./Core/Src/stm32g0xx_hal_msp.o
 .comment       0x0000000000000050       0x51 ./Core/Src/stm32g0xx_it.o
 .comment       0x0000000000000050       0x51 ./Core/Src/system_stm32g0xx.o
 .comment       0x0000000000000050       0x51 ./Core/Src/usart.o
 .comment       0x0000000000000050       0x51 ./Drivers/STM32G0xx_HAL_Driver/Src/stm32g0xx_hal.o
 .comment       0x0000000000000050       0x51 ./Drivers/STM32G0xx_HAL_Driver/Src/stm32g0xx_hal_cortex.o
 .comment       0x0000000000000050       0x51 ./Drivers/STM32G0xx_HAL_Driver/Src/stm32g0xx_hal_dma.o
 .comment       0x0000000000000050       0x51 ./Drivers/STM32G0xx_HAL_Driver/Src/stm32g0xx_hal_gpio.o
 .comment       0x0000000000000050       0x51 ./Drivers/STM32G0xx_HAL_Driver/Src/stm32g0xx_hal_pwr_ex.o
 .comment       0x0000000000000050       0x51 ./Drivers/STM32G0xx_HAL_Driver/Src/stm32g0xx_hal_rcc.o
 .comment       0x0000000000000050       0x51 ./Drivers/STM32G0xx_HAL_Driver/Src/stm32g0xx_hal_rcc_ex.o
 .comment       0x0000000000000050       0x51 ./Drivers/STM32G0xx_HAL_Driver/Src/stm32g0xx_hal_uart.o
 .comment       0x0000000000000050       0x51 ./Drivers/STM32G0xx_HAL_Driver/Src/stm32g0xx_hal_uart_ex.o

.debug_frame    0x0000000000000000     0x1dc0
 .debug_frame   0x0000000000000000       0x30 ./Core/Src/gpio.o
 .debug_frame   0x0000000000000030       0xd0 ./Core/Src/lin_usart1.o
 .debug_frame   0x0000000000000100       0xe8 ./Core/Src/main.o
 .debug_frame   0x00000000000001e8       0x30 ./Core/Src/rs232_usart2.o
 .debug_frame   0x0000000000000218       0x30 ./Core/Src/stm32g0xx_hal_msp.o
 .debug_frame   0x0000000000000248       0xd4 ./Core/Src/stm32g0xx_it.o
 .debug_frame   0x000000000000031c       0x4c ./Core/Src/system_stm32g0xx.o
 .debug_frame   0x0000000000000368       0x88 ./Core/Src/usart.o
 .debug_frame   0x00000000000003f0      0x340 ./Drivers/STM32G0xx_HAL_Driver/Src/stm32g0xx_hal.o
 .debug_frame   0x0000000000000730      0x2fc ./Drivers/STM32G0xx_HAL_Driver/Src/stm32g0xx_hal_cortex.o
 .debug_frame   0x0000000000000a2c      0x1f0 ./Drivers/STM32G0xx_HAL_Driver/Src/stm32g0xx_hal_dma.o
 .debug_frame   0x0000000000000c1c      0x130 ./Drivers/STM32G0xx_HAL_Driver/Src/stm32g0xx_hal_gpio.o
 .debug_frame   0x0000000000000d4c      0x1f4 ./Drivers/STM32G0xx_HAL_Driver/Src/stm32g0xx_hal_pwr_ex.o
 .debug_frame   0x0000000000000f40      0x214 ./Drivers/STM32G0xx_HAL_Driver/Src/stm32g0xx_hal_rcc.o
 .debug_frame   0x0000000000001154       0xb0 ./Drivers/STM32G0xx_HAL_Driver/Src/stm32g0xx_hal_rcc_ex.o
 .debug_frame   0x0000000000001204      0x8d4 ./Drivers/STM32G0xx_HAL_Driver/Src/stm32g0xx_hal_uart.o
 .debug_frame   0x0000000000001ad8      0x25c ./Drivers/STM32G0xx_HAL_Driver/Src/stm32g0xx_hal_uart_ex.o
 .debug_frame   0x0000000000001d34       0x2c d:/stmicroelectronics/stm32cubeide_1.12.0/stm32cubeide/plugins/com.st.stm32cube.ide.mcu.externaltools.gnu-tools-for-stm32.10.3-2021.10.win32_1.0.200.202301161003/tools/bin/../lib/gcc/arm-none-eabi/10.3.1/../../../../arm-none-eabi/lib/thumb/v6-m/nofp\libc_nano.a(lib_a-init.o)
 .debug_frame   0x0000000000001d60       0x20 d:/stmicroelectronics/stm32cubeide_1.12.0/stm32cubeide/plugins/com.st.stm32cube.ide.mcu.externaltools.gnu-tools-for-stm32.10.3-2021.10.win32_1.0.200.202301161003/tools/bin/../lib/gcc/arm-none-eabi/10.3.1/../../../../arm-none-eabi/lib/thumb/v6-m/nofp\libc_nano.a(lib_a-memset.o)
 .debug_frame   0x0000000000001d80       0x20 d:/stmicroelectronics/stm32cubeide_1.12.0/stm32cubeide/plugins/com.st.stm32cube.ide.mcu.externaltools.gnu-tools-for-stm32.10.3-2021.10.win32_1.0.200.202301161003/tools/bin/../lib/gcc/arm-none-eabi/10.3.1/thumb/v6-m/nofp\libgcc.a(_udivsi3.o)
 .debug_frame   0x0000000000001da0       0x20 d:/stmicroelectronics/stm32cubeide_1.12.0/stm32cubeide/plugins/com.st.stm32cube.ide.mcu.externaltools.gnu-tools-for-stm32.10.3-2021.10.win32_1.0.200.202301161003/tools/bin/../lib/gcc/arm-none-eabi/10.3.1/thumb/v6-m/nofp\libgcc.a(_divsi3.o)
